Artemis membership series (ED5/90.17), 2000-2024
  2000: 25 files
  2001: 26 files
  2002: 25 files
  2003: 59 files
  2004: 55 files
  2005: 59 files
  2006: 63 files
  2007: 63 files
  2008: 62 files
  2009: 62 files
  2010: 52 files
  2011: 45 files
  2012: 45 files
  2013: 45 files
  2014: 45 files
  2015: 41 files
  2016: 35 files
  2017: 24 files
  2018: 22 files
  2019: 22 files
  2020: 22 files
  2021: 22 files
  2022: 22 files
  2023: 22 files
  2024: 26 files
Artemis staff series (ED2.88), 1999-2019
  1999: 15 files
  2000: 22 files
  2001: 22 files
  2002: 23 files
  2003: 22 files
  2004: 22 files
  2005: 22 files
  2006: 22 files
  2007: 22 files
  2008: 22 files
  2009: 22 files
  2010: 22 files
  2011: 22 files
  2012: 22 files
  2013: 8 files
  2014: 7 files
  2015: 7 files
  2016: 7 files
  2017: 7 files
  2018: 7 files
  2019: 7 files
Current CDE archive pages
  membership: 128 files
  staff: 28 files
Yearbooks (ED2/79.19), 1986-1999
  14 volumes

Wrote /home/user/charting-boulder/2026-10-alternatives/data/lookups/inventory.csv: 1511 files

year  enrol/school  enrol/district  fte/school  fte/district
1986             -             pdf           -             -
1987             -             pdf           -             -
1988             -             pdf           -             -
1989             -             pdf           -             -
1990             -             pdf           -             -
1991             -             pdf           -             -
1992             -             pdf           -             -
1993             -             pdf           -             -
1994             -             pdf           -             -
1995             -             pdf           -             -
1996             -             pdf           -             -
1997             -             pdf           -             -
1998             -             pdf           -             -
1999             -             pdf           -             -
2019          xlsx               -           -             -
2020          xlsx               -           -             -
2021          xlsx               -           -             -
2022             -               -        xlsx          xlsx
2023          xlsx               -        xlsx          xlsx
2024          xlsx            xlsx        xlsx          xlsx
