1511 files in inventory; 56 needed
  teacher_fte-district-2000.pdf          fetching
  enrollment-school-2001.pdf             fetching
  teacher_fte-district-2001.pdf          fetching
  enrollment-school-2002.pdf             fetching
  teacher_fte-district-2002.pdf          fetching
  enrollment-school-2003.xls             fetching
  teacher_fte-district-2003.xls          fetching
  enrollment-school-2004.xls             fetching
  teacher_fte-district-2004.xls          fetching
  enrollment-school-2005.xls             fetching
  teacher_fte-district-2005.pdf          fetching
  enrollment-school-2006.xls             fetching
  teacher_fte-district-2006.pdf          fetching
  enrollment-school-2007.xls             fetching
  teacher_fte-district-2007.pdf          fetching
  enrollment-school-2008.xls             fetching
  teacher_fte-district-2008.pdf          fetching
  enrollment-school-2009.xls             fetching
  teacher_fte-district-2009.pdf          fetching
  enrollment-school-2010.xls             fetching
  teacher_fte-district-2010.pdf          fetching
  enrollment-school-2011.xls             fetching
  teacher_fte-district-2011.pdf          fetching
  enrollment-school-2012.xls             fetching
  teacher_fte-district-2012.pdf          fetching
  enrollment-school-2013.xls             fetching
  teacher_fte-district-2013.pdf          fetching
  teacher_fte-school-2013.pdf            fetching
  enrollment-school-2014.xlsx            fetching
  teacher_fte-district-2014.pdf          fetching
  enrollment-school-2015.xlsx            fetching
  teacher_fte-district-2015.pdf          fetching
  enrollment-school-2016.xlsx            fetching
  teacher_fte-district-2016.pdf          fetching
  teacher_fte-school-2016.pdf            fetching
  enrollment-school-2017.xlsx            fetching
  teacher_fte-district-2017.pdf          fetching
  teacher_fte-school-2017.pdf            fetching
  enrollment-school-2018.xlsx            fetching
  teacher_fte-district-2018.pdf          fetching
  teacher_fte-school-2018.pdf            fetching
  enrollment-school-2019.xlsx            fetching
  teacher_fte-district-2019.pdf          fetching
  teacher_fte-school-2019.pdf            fetching
  enrollment-school-2020.xlsx            fetching
  enrollment-school-2021.xlsx            fetching
  enrollment-school-2022.xlsx            fetching
  teacher_fte-district-2022.xlsx         fetching
  teacher_fte-school-2022.xlsx           fetching
  enrollment-school-2023.xlsx            fetching
  teacher_fte-district-2023.xlsx         fetching
  teacher_fte-school-2023.xlsx           fetching
  enrollment-district-2024.xlsx          fetching
  enrollment-school-2024.xlsx            fetching
  teacher_fte-district-2024.xlsx         fetching
  teacher_fte-school-2024.xlsx           fetching

Manifest: 69 files, 1390.3 MB
