Reading CDE school spreadsheets
  CDE enrollment 2003: no school code column
  CDE enrollment 2004: 1,688 schools, totals 1688/1688
  CDE enrollment 2005: 1,703 schools, totals 1703/1703
  CDE enrollment 2006: 1,736 schools, totals 1736/1736
  CDE enrollment 2007: 1,748 schools, totals 1748/1748
  CDE enrollment 2008: 1,769 schools, totals 1769/1769
  CDE enrollment 2009: 1,783 schools, totals 1783/1783
  CDE enrollment 2010: 1,787 schools, totals 1787/1787
  CDE enrollment 2011: 1,804 schools, totals 1806/1806
  CDE enrollment 2012: 1,816 schools, totals 1817/1817
  CDE enrollment 2013: 1,824 schools, totals 1824/1824
  CDE enrollment 2014: 1,835 schools, totals 1835/1835
  CDE enrollment 2015: 1,852 schools, totals 1852/1852
  CDE enrollment 2016: 1,876 schools, totals 1876/1876
  CDE enrollment 2017: 1,888 schools, totals 1888/1888
  CDE enrollment 2018: 1,902 schools, totals 1902/1902
  CDE enrollment 2019: 1,906 schools, totals 1906/1906
  CDE enrollment 2020: 1,914 schools, totals 1914/1914
  CDE enrollment 2021: 1,928 schools, totals 1928/1928
  CDE enrollment 2022: 1,933 schools, totals 1933/1933
  CDE enrollment 2023: 1,906 schools, totals 1906/1906
  CDE enrollment 2024: 1,903 schools, totals 1903/1903
Reading CDE staff spreadsheets
  CDE teacher FTE 2022: 1,913 schools, 52,929.8 FTE
  CDE teacher FTE 2023: 1,891 schools, 52,969.4 FTE
  CDE teacher FTE 2024: 1,882 schools, 52,709.5 FTE
Reading NCES CCD
  CCD 1986: 1,324 schools, 1,321 with FTE, 0 located
  CCD 1987: 1,323 schools, 1,296 with FTE, 0 located
  CCD 1988: 1,339 schools, 1,325 with FTE, 0 located
  CCD 1989: 1,337 schools, 1,326 with FTE, 0 located
  CCD 1990: 1,344 schools, 1,326 with FTE, 0 located
  CCD 1991: 1,397 schools, 1,369 with FTE, 0 located
  CCD 1992: 1,399 schools, 1,381 with FTE, 0 located
  CCD 1993: 1,419 schools, 1,397 with FTE, 0 located
  CCD 1994: 1,470 schools, 1,415 with FTE, 0 located
  CCD 1995: 1,491 schools, 1,434 with FTE, 0 located
  CCD 1996: 1,540 schools, 1,465 with FTE, 0 located
  CCD 1997: 1,584 schools, 1,496 with FTE, 0 located
  CCD 1998: 1,572 schools, 1,511 with FTE, 0 located
  CCD 1999: 1,596 schools, 1,541 with FTE, 0 located
  CCD 2000: 1,647 schools, 1,586 with FTE, 1,160 located
  CCD 2001: 1,680 schools, 1,615 with FTE, 1,179 located
  CCD 2002: 1,712 schools, 1,640 with FTE, 1,388 located
  CCD 2003: 1,734 schools, 1,640 with FTE, 1,414 located
  CCD 2004: 1,707 schools, 1,662 with FTE, 1,692 located
  CCD 2005: 1,730 schools, 1,679 with FTE, 1,707 located
  CCD 2006: 1,762 schools, 1,714 with FTE, 1,762 located
  CCD 2007: 1,783 schools, 1,709 with FTE, 1,782 located
  CCD 2008: 1,837 schools, 1,752 with FTE, 1,837 located
  CCD 2009: 1,818 schools, 1,768 with FTE, 1,818 located
  CCD 2010: 1,835 schools, 1,772 with FTE, 1,835 located
  CCD 2011: 1,843 schools, 1,790 with FTE, 1,843 located
  CCD 2012: 1,844 schools, 1,801 with FTE, 1,844 located
  CCD 2013: 1,860 schools, 1,807 with FTE, 1,860 located
  CCD 2014: 1,872 schools, 1,811 with FTE, 1,872 located
  CCD 2015: 1,876 schools, 1,830 with FTE, 1,876 located
  CCD 2016: 1,898 schools, 1,853 with FTE, 1,898 located
  CCD 2017: 1,920 schools, 1,870 with FTE, 1,920 located
  CCD 2018: 1,930 schools, 1,882 with FTE, 1,930 located
  CCD 2019: 1,940 schools, 1,887 with FTE, 1,940 located
  CCD 2020: 1,942 schools, 1,889 with FTE, 1,942 located
  CCD 2021: 1,960 schools, 1,910 with FTE, 1,960 located
  CCD 2022: 1,965 schools, 1,903 with FTE, 1,965 located
  CCD 2023: 1,950 schools, 1,876 with FTE, 1,950 located
  CCD 2024: 1,917 schools, 1,870 with FTE, 1,917 located
Reading re-OCR'd yearbooks
  yearbook 1986: 176 districts, totals 178/178; trends 165 districts
  yearbook 1987: 175 districts, totals 177/177; trends 174 districts
  yearbook 1988: 175 districts, totals 170/173; trends 0 districts
  yearbook 1989: 179 districts, totals 181/181; trends 0 districts
  yearbook 1990: 179 districts, totals 130/136; trends 0 districts
  yearbook 1991: 178 districts, totals 157/168; trends 0 districts
  yearbook 1992: 180 districts, totals 149/156; trends 0 districts
  yearbook 1993: 182 districts, totals 160/169; trends 0 districts
  yearbook 1994: 182 districts, totals 167/176; trends 0 districts
  yearbook 1995: 180 districts, totals 151/180; trends 0 districts
  yearbook 1996: 183 districts, totals 155/175; trends 0 districts
  yearbook 1997: 182 districts, totals 178/178; trends 0 districts
  yearbook 1998: 180 districts, totals 154/169; trends 0 districts
  yearbook 1999: 180 districts, totals 180/180; trends 0 districts

Building the school panel
  wrote data/processed/school-enrollment-by-grade.csv: 647,881 rows
  wrote data/processed/school-year.csv: 65,841 rows

Building the school registry
  wrote data/processed/schools.csv: 2,723 rows

Building the district tier
  wrote data/processed/district-enrollment-by-grade.csv: 93,326 rows
  wrote data/processed/district-year.csv: 7,852 rows
  overlapping district-years: 1,269, 1,267 agree exactly (99.8%)
  wrote data/processed/district-year-overlap.csv: 1,269 rows

Reconciling CDE against CCD
  2004: 1,652/1,688 matched, 1,203 exact, gap ex-PK +421
  2005: 1,673/1,703 matched, 1,200 exact, gap ex-PK +0
  2006: 1,706/1,736 matched, 1,213 exact, gap ex-PK +0
  2007: 1,719/1,748 matched, 1,204 exact, gap ex-PK +0
  2008: 1,739/1,769 matched, 1,218 exact, gap ex-PK +0
  2009: 1,750/1,783 matched, 1,218 exact, gap ex-PK -247
  2010: 1,752/1,787 matched, 1,204 exact, gap ex-PK -247
  2011: 1,766/1,804 matched, 1,221 exact, gap ex-PK -188
  2012: 1,778/1,816 matched, 1,251 exact, gap ex-PK -175
  2013: 1,781/1,824 matched, 1,257 exact, gap ex-PK +65
  2014: 1,782/1,835 matched, 1,219 exact, gap ex-PK -149
  2015: 1,797/1,852 matched, 1,220 exact, gap ex-PK -154
  2016: 1,817/1,876 matched, 1,221 exact, gap ex-PK -173
  2017: 1,832/1,888 matched, 1,221 exact, gap ex-PK -208
  2018: 1,845/1,902 matched, 1,227 exact, gap ex-PK -267
  2019: 1,848/1,906 matched, 1,221 exact, gap ex-PK -242
  2020: 1,848/1,914 matched, 1,227 exact, gap ex-PK +158
  2021: 1,865/1,928 matched, 1,111 exact, gap ex-PK +5,791
  2022: 1,859/1,933 matched, 1,105 exact, gap ex-PK +12,243
  2023: 1,836/1,906 matched, 1,035 exact, gap ex-PK +15,638
  2024: 1,828/1,903 matched, 1,041 exact, gap ex-PK +15,814
  wrote data/processed/source-reconciliation.csv: 21 rows

Reconciling the yearbook tier against NCES
  1986: yearbook 549,934 vs NCES 549,673  +261 (+0.05%)
  1987: yearbook 551,228 vs NCES 550,367  +861 (+0.16%)
  1988: yearbook 547,013 vs NCES 550,855  -3,842 (-0.70%)
  1989: yearbook 554,448 vs NCES 554,296  +152 (+0.03%)
  1990: yearbook 565,909 vs NCES 565,909  +0 (+0.00%)
  1991: yearbook 584,964 vs NCES 584,959  +5 (+0.00%)
  1992: yearbook 602,791 vs NCES 602,791  +0 (+0.00%)
  1993: yearbook 615,729 vs NCES 615,729  +0 (+0.00%)
  1994: yearbook 629,325 vs NCES 629,325  +0 (+0.00%)
  1995: yearbook 644,477 vs NCES 644,435  +42 (+0.01%)
  1996: yearbook 659,917 vs NCES 659,917  +0 (+0.00%)
  1997: yearbook 673,291 vs NCES 673,291  +0 (+0.00%)
  1998: yearbook 684,820 vs NCES 684,820  +0 (+0.00%)
  1999: yearbook 693,991 vs NCES 693,991  +0 (+0.00%)
  wrote data/processed/district-reconciliation.csv: 14 rows

Wrote /home/user/charting-boulder/2026-10-alternatives/audit/normalize-report.json
