Volume 1987
  downloading https://spl.cde.state.co.us/artemis/edserials/ed27919internet/ed279191987internet.pdf
  1987: 112 text pages, 112 page images, 53 pages to read
  1987: 53 still to send (0 already done)
    p003 0.75c 
    p004 0.75c TABLE OF CONTENTS
    p005 0.75c 
    p008 0.75c ILLUSTRATION 1: COMPARISON OF GRADES 1 - 3 MEMBERSHIP AND TO
    p009 0.75c COLORADO DEPARTMENT OF EDUCATION SUMMARY OF SELECTED SCHOOL 
    p010 0.75c COLORADO DEPARTMENT OF EDUCATION SUMMARY OF SELECTED SCHOOL 
    p011 0.75c COLORADO DEPARTMENT OF EDUCATION SUMMARY OF SELECTED SCHOOL 
    p012 0.75c COLORADO DEPARTMENT OF EDUCATION SUMMARY OF SELECTED SCHOOL 
    p013 0.75c COLORADO DEPARTMENT OF EDUCATION SUMMARY OF SELECTED SCHOOL 
    p014 0.75c COLORADO DEPARTMENT OF EDUCATION SUMMARY OF SELECTED SCHOOL 
    p015 0.75c COLORADO DEPARTMENT OF EDUCATION SUMMARY OF SELECTED SCHOOL 
    p016 0.75c COLORADO DEPARTMENT OF EDUCATION SUMMARY OF SELECTED SCHOOL 
    p017 0.75c COLORADO DEPARTMENT OF EDUCATION SUMMARY OF SELECTED SCHOOL 
    p018 0.75c COLORADO DEPARTMENT OF EDUCATION SUMMARY OF SELECTED SCHOOL 
    p019 0.75c COLORADO DEPARTMENT OF EDUCATION SUMMARY OF SELECTED SCHOOL 
    p020 0.75c COLORADO DEPARTMENT OF EDUCATION SUMMARY OF SELECTED SCHOOL 
    p021 0.75c COLORADO DEPARTMENT OF EDUCATION FALL MEMBERSHIP BY SCHOOL D
    p022 0.75c COLORADO DEPARTMENT OF EDUCATION FALL MEMBERSHIP BY SCHOOL D
    p023 0.75c COLORADO DEPARTMENT OF EDUCATION FALL MEMBERSHIP BY SCHOOL D
    p024 0.75c COLORADO DEPARTMENT OF EDUCATION FALL MEMBERSHIP BY SCHOOL D
    p025 0.75c COLORADO DEPARTMENT OF EDUCATION FALL MEMBERSHIP BY SCHOOL D
    p026 0.75c COLORADO DEPARTMENT OF EDUCATION FALL MEMBERSHIP BY SCHOOL D
    p027 0.75c COLORADO DEPARTMENT OF EDUCATION FALL MEMBERSHIP BY SCHOOL D
    p028 0.75c COLORADO DEPARTMENT OF EDUCATION FALL MEMBERSHIP BY SCHOOL D
    p029 0.75c COLORADO DEPARTMENT OF EDUCATION FALL MEMBERSHIP BY SCHOOL D
    p030 0.75c COLORADO DEPARTMENT OF EDUCATION FALL MEMBERSHIP BY SCHOOL D
    p031 0.75c COLORADO DEPARTMENT OF EDUCATION FALL MEMBERSHIP BY SCHOOL D
    p032 0.75c COLORADO DEPARTMENT OF EDUCATION FALL MEMBERSHIP BY SCHOOL D
    p043 0.75c COLORADO DEPARTMENT OF EDUCATION FALL MEMBERSHIP BY SCHOOL D
    p044 0.75c COLORADO DEPARTMENT OF EDUCATION TRENDS IN ENROLLMENT 1978-7
    p045 0.75c COLORADO DEPARTMENT OF EDUCATION TRENDS IN ENROLLMENT 1978-7
    p046 0.75c COLORADO DEPARTMENT OF EDUCATION TRENDS IN ENROLLMENT 1978-7
    p047 0.75c COLORADO DEPARTMENT OF EDUCATION TRENDS IN ENROLLMENT 1978-7
    p048 0.75c COLORADO DEPARTMENT OF EDUCATION TRENDS IN ENROLLMENT 1978-7
    p049 0.75c COLORADO DEPARTMENT OF EDUCATION TRENDS IN ENROLLMENT 1978-7
    p050 0.75c COLORADO DEPARTMENT OF EDUCATION TRENDS IN ENROLLMENT 1978-7
    p051 0.75c COLORADO DEPARTMENT OF EDUCATION TRENDS IN ENROLLMENT 1978-7
    p052 0.75c COLORADO DEPARTMENT OF EDUCATION TRENDS IN ENROLLMENT 1978-7
    p053 0.75c COLORADO DEPARTMENT OF EDUCATION TRENDS IN ENROLLMENT 1978-7
    p054 0.75c COLORADO DEPARTMENT OF EDUCATION TRENDS IN ENROLLMENT 1978-7
    p055 0.75c COLORADO DEPARTMENT OF EDUCATION TRENDS IN ENROLLMENT 1978-7
    p056 0.75c COLORADO DEPARTMENT OF EDUCATION TRENDS IN ENROLLMENT 1978-7
    p057 0.75c COLORADO DEPARTMENT OF EDUCATION TRENDS IN ENROLLMENT 1978-7
    p058 0.75c COLORADO DEPARTMENT OF EDUCATION TRENDS IN ENROLLMENT 1978-7
    p059 0.75c COLORADO DEPARTMENT OF EDUCATION TRENDS IN ENROLLMENT 1978-7
    p060 0.75c COLORADO DEPARTMENT OF EDUCATION TRENDS IN ENROLLMENT 1978-7
    p061 0.75c COLORADO DEPARTMENT OF EDUCATION TRENDS IN ENROLLMENT 1978-7
    p062 0.75c COLORADO DEPARTMENT OF EDUCATION TRENDS IN ENROLLMENT 1978-7
    p063 0.75c COLORADO DEPARTMENT OF EDUCATION TRENDS IN ENROLLMENT 1978-7
    p064 0.75c COLORADO DEPARTMENT OF EDUCATION TRENDS IN ENROLLMENT 1978-7
    p065 0.75c COLORADO DEPARTMENT OF EDUCATION TRENDS IN ENROLLMENT 1978-7
    p066 0.75c COLORADO DEPARTMENT OF EDUCATION TRENDS IN ENROLLMENT 1978-7
    p067 0.75c COLORADO DEPARTMENT OF EDUCATION LISTING OF 1987 SPRING AND 
  1987 done: 53 pages, 39.75 cents
Volume 1988
  downloading https://spl.cde.state.co.us/artemis/edserials/ed27919internet/ed279191988internet.pdf
  1988: 87 text pages, 90 page images, 26 pages to read
  1988: 26 still to send (0 already done)
