Fetching every ratio and salary file the inventory names
  duplicate files, dropped:
    2017 is byte-identical to 2016: staff-2017-ed288201707internet.pdf
  35 files on disk

  2000 membership no text extracted
  2000 staff      unknown      0 rows         0.0 FTE  font+29
  2001 membership no text extracted
  2001 staff      unknown      0 rows         0.0 FTE  font+29
  2002 membership no text extracted
  2002 staff      unknown      0 rows         0.0 FTE  font+29
  2003 membership no text extracted
  2003 membership school   1,647 rows    44,298.8 FTE
  2003 staff      unknown      0 rows         0.0 FTE  font+29
  2004 membership unknown      0 rows         0.0 FTE
  2004 membership school   1,666 rows    44,657.8 FTE
  2004 staff      unknown      0 rows         0.0 FTE  font+29
  2005 staff      unknown      0 rows         0.0 FTE  font+29
  2006 staff      unknown      0 rows         0.0 FTE  font+29
  2007 staff      unknown      0 rows         0.0 FTE  font+29
  2008 staff      unknown      0 rows         0.0 FTE  font+29
  2009 staff      unknown      0 rows         0.0 FTE  font+29
  2010 staff      unknown      0 rows         0.0 FTE  font+29
  2011 staff      unknown      0 rows         0.0 FTE  font+29
  2012 staff      unknown      0 rows         0.0 FTE  font+29
  2013 staff      school   1,782 rows    49,534.9 FTE
  2014 staff      school   1,823 rows    50,805.9 FTE
  2015 staff      school   1,837 rows    51,251.0 FTE
  2016 staff      mixed    1,788 rows    49,355.7 FTE
  2018 staff      mixed    1,773 rows    49,600.1 FTE
  2019 staff      mixed    1,898 rows    53,454.1 FTE
  2022 staff      district     1 rows         1.0 FTE
  2022 staff      district     1 rows         1.0 FTE
  2022 staff      mixed    1,910 rows    52,851.3 FTE
  2022 staff      school   1,913 rows    52,929.8 FTE
  2023 staff      district   186 rows   105,938.8 FTE
  2023 staff      school   1,891 rows    52,969.4 FTE
  2024 staff      unknown      0 rows         0.0 FTE
  2024 staff      school   1,882 rows    52,709.5 FTE
  2024 staff      district   185 rows    53,512.7 FTE

wrote data/processed/school-teacher-fte.csv: 19,880 rows, 2003-2024

wrote data/processed/district-teacher-fte-cde.csv: 17 rows, 2016-2024

NCES district teacher FTE
  1990: 196 districts, 32,308 FTE
  1995: 194 districts, 35,315 FTE
  2000: 198 districts, 41,899 FTE
  2005: 200 districts, 45,755 FTE
  2010: 259 districts, 48,450 FTE
  2015: 200 districts, 51,705 FTE
  2020: 204 districts, 54,233 FTE
  2022: 204 districts, 53,456 FTE
  2023: 204 districts, 53,678 FTE
  2024: 204 districts, 53,388 FTE

wrote data/processed/district-teacher-fte-ccd.csv: 7,879 rows, 1987-2024
